- ((C => D) => D) = true (rule fired)
  - (C => D) = true (implication holds)
    - ((A & B) => C) = true (rule fired)
      - (A & B) = true (both true)
        - A = true (fact: A=true)
        - B = true (fact: B=true)
      - C = true (fact: C=true)
    - D = true (fact: D=true)
  - D = true (fact: D=true)
